# compiler: R8
# compiler_version: 2.2.71
# pg_map_id: 9193374
# common_typos_disable
androidx.databinding.library.baseAdapters.BR -> androidx.databinding.library.baseAdapters.BR:
    1:1:void <init>():3:3 -> <init>
com.nick.mowen.linkpreview.BR -> com.nick.mowen.linkpreview.BR:
    1:1:void <init>():3:3 -> <init>
com.nick.mowen.linkpreview.BuildConfig -> com.nick.mowen.linkpreview.BuildConfig:
    1:1:void <init>():6:6 -> <init>
com.nick.mowen.linkpreview.Constants -> com.nick.mowen.linkpreview.Constants:
# {"id":"sourceFile","fileName":"Constants.kt"}
    1:1:void <init>():3:3 -> <init>
com.nick.mowen.linkpreview.DataBinderMapperImpl -> com.nick.mowen.linkpreview.DataBinderMapperImpl:
    android.util.SparseIntArray INTERNAL_LAYOUT_ID_LOOKUP -> a
    1:5:void <clinit>():26:30 -> <clinit>
    1:1:void <init>():21:21 -> <init>
    1:2:java.util.List collectDependencies():93:94 -> collectDependencies
    1:1:java.lang.String convertBrIdToString(int):87:87 -> convertBrIdToString
    1:18:androidx.databinding.ViewDataBinding getDataBinder(androidx.databinding.DataBindingComponent,android.view.View,int):35:52 -> getDataBinder
    19:22:androidx.databinding.ViewDataBinding getDataBinder(androidx.databinding.DataBindingComponent,android.view.View,int):43:46 -> getDataBinder
    23:23:androidx.databinding.ViewDataBinding getDataBinder(androidx.databinding.DataBindingComponent,android.view.View,int):39:39 -> getDataBinder
    24:31:androidx.databinding.ViewDataBinding getDataBinder(androidx.databinding.DataBindingComponent,android.view.View[],int):61:68 -> getDataBinder
    1:2:int getLayoutId(java.lang.String):81:82 -> getLayoutId
com.nick.mowen.linkpreview.DataBinderMapperImpl$InnerBrLookup -> com.nick.mowen.linkpreview.DataBinderMapperImpl$a:
    android.util.SparseArray sKeys -> a
    1:5:void <clinit>():99:103 -> <clinit>
com.nick.mowen.linkpreview.DataBinderMapperImpl$InnerLayoutIdLookup -> com.nick.mowen.linkpreview.DataBinderMapperImpl$b:
    java.util.HashMap sKeys -> a
    1:5:void <clinit>():108:112 -> <clinit>
com.nick.mowen.linkpreview.DataBindingTriggerClass -> com.nick.mowen.linkpreview.DataBindingTriggerClass:
    1:1:void <init>():4:4 -> <init>
com.nick.mowen.linkpreview.ImageType -> com.nick.mowen.linkpreview.ImageType:
# {"id":"sourceFile","fileName":"ImageType.kt"}
    com.nick.mowen.linkpreview.ImageType[] $VALUES -> a
    1:1:void <clinit>():6:6 -> <clinit>
    2:2:com.nick.mowen.linkpreview.ImageType[] $values():0:0 -> <clinit>
    2:2:void <clinit>():6 -> <clinit>
    3:3:void <clinit>():6:6 -> <clinit>
    1:1:void <init>(java.lang.String,int):6:6 -> <init>
com.nick.mowen.linkpreview.PreviewData -> com.nick.mowen.linkpreview.PreviewData:
# {"id":"sourceFile","fileName":"PreviewData.kt"}
    1:2:void <init>(java.lang.String,java.lang.String,java.lang.String):5:6 -> <init>
    1:1:java.lang.String getBaseUrl():6:6 -> getBaseUrl
    1:1:java.lang.String getImageUrl():6:6 -> getImageUrl
    1:1:java.lang.String getTitle():6:6 -> getTitle
    1:1:boolean isEmpty():8:8 -> isEmpty
    1:1:boolean isNotEmpty():10:10 -> isNotEmpty
com.nick.mowen.linkpreview.binding.BindingAdapter -> com.nick.mowen.linkpreview.binding.BindingAdapter:
# {"id":"sourceFile","fileName":"BindingAdapter.kt"}
    1:1:void <init>():8:8 -> <init>
    1:6:void setImageUrl(android.widget.ImageView,java.lang.String):25:30 -> setImageUrl
    7:21:void setImageUrl(android.widget.ImageView,java.lang.String):19:33 -> setImageUrl
    1:1:boolean setParsedLink(com.nick.mowen.linkpreview.view.LinkPreview,java.lang.String):12:12 -> setParsedLink
com.nick.mowen.linkpreview.databinding.CardBinding -> com.nick.mowen.linkpreview.databinding.CardBinding:
    1:6:void <init>(java.lang.Object,android.view.View,int,com.google.android.material.card.MaterialCardView,androidx.constraintlayout.widget.ConstraintLayout,android.widget.ImageView,android.widget.TextView,android.widget.TextView):43:48 -> <init>
    1:1:com.nick.mowen.linkpreview.databinding.CardBinding bind(android.view.View):97:97 -> bind
    2:2:com.nick.mowen.linkpreview.databinding.CardBinding bind(android.view.View,java.lang.Object):109:109 -> bind
    1:1:com.nick.mowen.linkpreview.PreviewData getData():55:55 -> getData
    1:1:com.nick.mowen.linkpreview.databinding.CardBinding inflate(android.view.LayoutInflater,android.view.ViewGroup,boolean):61:61 -> inflate
    2:2:com.nick.mowen.linkpreview.databinding.CardBinding inflate(android.view.LayoutInflater,android.view.ViewGroup,boolean,java.lang.Object):75:75 -> inflate
    3:3:com.nick.mowen.linkpreview.databinding.CardBinding inflate(android.view.LayoutInflater):80:80 -> inflate
    4:4:com.nick.mowen.linkpreview.databinding.CardBinding inflate(android.view.LayoutInflater,java.lang.Object):93:93 -> inflate
com.nick.mowen.linkpreview.databinding.CardBindingImpl -> com.nick.mowen.linkpreview.databinding.CardBindingImpl:
    android.util.SparseIntArray sViewsWithIds -> a
    long mDirtyFlags -> b
    1:2:void <clinit>():16:17 -> <clinit>
    1:1:void <init>(androidx.databinding.DataBindingComponent,android.view.View):26:26 -> <init>
    2:101:void <init>(androidx.databinding.DataBindingComponent,android.view.View,java.lang.Object[]):29:128 -> <init>
    102:108:void <init>(androidx.databinding.DataBindingComponent,android.view.View,java.lang.Object[]):36:42 -> <init>
    1:29:void executeBindings():94:122 -> executeBindings
    30:30:void executeBindings():97:97 -> executeBindings
    1:5:boolean hasPendingBindings():55:59 -> hasPendingBindings
    1:4:void invalidateAll():47:50 -> invalidateAll
    5:5:void invalidateAll():49:49 -> invalidateAll
    1:6:void setData(com.nick.mowen.linkpreview.PreviewData):76:81 -> setData
    7:7:void setData(com.nick.mowen.linkpreview.PreviewData):79:79 -> setData
    1:2:boolean setVariable(int,java.lang.Object):66:67 -> setVariable
com.nick.mowen.linkpreview.databinding.PreviewBinding -> com.nick.mowen.linkpreview.databinding.PreviewBinding:
    1:6:void <init>(java.lang.Object,android.view.View,int,com.google.android.material.imageview.ShapeableImageView,androidx.constraintlayout.widget.ConstraintLayout,com.google.android.material.imageview.ShapeableImageView,com.google.android.material.textview.MaterialTextView,com.google.android.material.textview.MaterialTextView):42:47 -> <init>
    1:1:com.nick.mowen.linkpreview.databinding.PreviewBinding bind(android.view.View):97:97 -> bind
    2:2:com.nick.mowen.linkpreview.databinding.PreviewBinding bind(android.view.View,java.lang.Object):109:109 -> bind
    1:1:com.nick.mowen.linkpreview.PreviewData getData():54:54 -> getData
    1:1:com.nick.mowen.linkpreview.databinding.PreviewBinding inflate(android.view.LayoutInflater,android.view.ViewGroup,boolean):60:60 -> inflate
    2:2:com.nick.mowen.linkpreview.databinding.PreviewBinding inflate(android.view.LayoutInflater,android.view.ViewGroup,boolean,java.lang.Object):74:74 -> inflate
    3:3:com.nick.mowen.linkpreview.databinding.PreviewBinding inflate(android.view.LayoutInflater):79:79 -> inflate
    4:4:com.nick.mowen.linkpreview.databinding.PreviewBinding inflate(android.view.LayoutInflater,java.lang.Object):93:93 -> inflate
com.nick.mowen.linkpreview.databinding.PreviewBindingImpl -> com.nick.mowen.linkpreview.databinding.PreviewBindingImpl:
    android.util.SparseIntArray sViewsWithIds -> a
    long mDirtyFlags -> b
    1:2:void <clinit>():16:17 -> <clinit>
    1:1:void <init>(androidx.databinding.DataBindingComponent,android.view.View):26:26 -> <init>
    2:120:void <init>(androidx.databinding.DataBindingComponent,android.view.View,java.lang.Object[]):29:147 -> <init>
    121:127:void <init>(androidx.databinding.DataBindingComponent,android.view.View,java.lang.Object[]):36:42 -> <init>
    1:48:void executeBindings():94:141 -> executeBindings
    49:49:void executeBindings():97:97 -> executeBindings
    1:5:boolean hasPendingBindings():55:59 -> hasPendingBindings
    1:4:void invalidateAll():47:50 -> invalidateAll
    5:5:void invalidateAll():49:49 -> invalidateAll
    1:6:void setData(com.nick.mowen.linkpreview.PreviewData):76:81 -> setData
    7:7:void setData(com.nick.mowen.linkpreview.PreviewData):79:79 -> setData
    1:2:boolean setVariable(int,java.lang.Object):66:67 -> setVariable
com.nick.mowen.linkpreview.extension.LinkExtensionKt -> com.nick.mowen.linkpreview.extension.LinkExtensionKt:
# {"id":"sourceFile","fileName":"LinkExtension.kt"}
    1:6:void launchUrlWithCustomTab(android.content.Context,android.net.Uri,int):147:152 -> launchUrlWithCustomTab
    7:20:void launchUrlWithCustomTab(android.content.Context,android.net.Uri,int):148:161 -> launchUrlWithCustomTab
    1:1:java.lang.Object loadCardData(com.nick.mowen.linkpreview.view.LinkCardView,java.lang.String,java.util.HashMap,int,com.nick.mowen.linkpreview.listener.CardListener,kotlin.coroutines.Continuation):89:89 -> loadCardData
    1:1:java.lang.Object loadPreviewData(com.nick.mowen.linkpreview.view.LinkPreview,java.lang.String,java.util.HashMap,int,com.nick.mowen.linkpreview.listener.LinkListener,kotlin.coroutines.Continuation):26:26 -> loadPreviewData
com.nick.mowen.linkpreview.extension.LinkExtensionKt$loadCardData$2 -> com.nick.mowen.linkpreview.extension.LinkExtensionKt$a:
# {"id":"sourceFile","fileName":"LinkExtension.kt"}
    int $key -> d
    java.lang.Object L$0 -> a
    java.lang.String $link -> b
    com.nick.mowen.linkpreview.listener.CardListener $listener -> e
    com.nick.mowen.linkpreview.view.LinkCardView $this_loadCardData -> f
    java.util.HashMap $linkMap -> c
    1:1:java.lang.Object invoke(kotlinx.coroutines.CoroutineScope,kotlin.coroutines.Continuation):0:0 -> invoke
    1:1:java.lang.Object invoke(java.lang.Object,java.lang.Object):0 -> invoke
    1:32:java.lang.Object invokeSuspend(java.lang.Object):89:120 -> invokeSuspend
    33:63:java.lang.Object invokeSuspend(java.lang.Object):112:142 -> invokeSuspend
com.nick.mowen.linkpreview.extension.LinkExtensionKt$loadCardData$2$1 -> com.nick.mowen.linkpreview.extension.LinkExtensionKt$a$a:
# {"id":"sourceFile","fileName":"LinkExtension.kt"}
    com.nick.mowen.linkpreview.PreviewData $result -> a
    com.nick.mowen.linkpreview.view.LinkCardView $this_loadCardData -> b
    com.nick.mowen.linkpreview.listener.CardListener $listener -> c
    1:1:kotlin.coroutines.Continuation create(java.lang.Object,kotlin.coroutines.Continuation):0:0 -> invoke
    1:1:java.lang.Object invoke(kotlinx.coroutines.CoroutineScope,kotlin.coroutines.Continuation):0 -> invoke
    1:1:java.lang.Object invoke(java.lang.Object,java.lang.Object):0 -> invoke
    2:2:java.lang.Object invoke(kotlinx.coroutines.CoroutineScope,kotlin.coroutines.Continuation):0:0 -> invoke
    2:2:java.lang.Object invoke(java.lang.Object,java.lang.Object):0 -> invoke
    1:18:java.lang.Object invokeSuspend(java.lang.Object):123:140 -> invokeSuspend
com.nick.mowen.linkpreview.extension.LinkExtensionKt$loadCardData$2$result$1 -> com.nick.mowen.linkpreview.extension.LinkExtensionKt$a$b:
# {"id":"sourceFile","fileName":"LinkExtension.kt"}
    com.nick.mowen.linkpreview.listener.CardListener $listener -> a
    1:1:kotlin.coroutines.Continuation create(java.lang.Object,kotlin.coroutines.Continuation):0:0 -> invoke
    1:1:java.lang.Object invoke(kotlinx.coroutines.CoroutineScope,kotlin.coroutines.Continuation):0 -> invoke
    1:1:java.lang.Object invoke(java.lang.Object,java.lang.Object):0 -> invoke
    2:2:java.lang.Object invoke(kotlinx.coroutines.CoroutineScope,kotlin.coroutines.Continuation):0:0 -> invoke
    2:2:java.lang.Object invoke(java.lang.Object,java.lang.Object):0 -> invoke
    1:1:java.lang.Object invokeSuspend(java.lang.Object):108:108 -> invokeSuspend
com.nick.mowen.linkpreview.extension.LinkExtensionKt$loadCardData$2$result$2 -> com.nick.mowen.linkpreview.extension.LinkExtensionKt$a$c:
# {"id":"sourceFile","fileName":"LinkExtension.kt"}
    com.nick.mowen.linkpreview.listener.CardListener $listener -> a
    1:1:kotlin.coroutines.Continuation create(java.lang.Object,kotlin.coroutines.Continuation):0:0 -> invoke
    1:1:java.lang.Object invoke(kotlinx.coroutines.CoroutineScope,kotlin.coroutines.Continuation):0 -> invoke
    1:1:java.lang.Object invoke(java.lang.Object,java.lang.Object):0 -> invoke
    2:2:java.lang.Object invoke(kotlinx.coroutines.CoroutineScope,kotlin.coroutines.Continuation):0:0 -> invoke
    2:2:java.lang.Object invoke(java.lang.Object,java.lang.Object):0 -> invoke
    1:1:java.lang.Object invokeSuspend(java.lang.Object):114:114 -> invokeSuspend
com.nick.mowen.linkpreview.extension.LinkExtensionKt$loadCardData$2$result$3 -> com.nick.mowen.linkpreview.extension.LinkExtensionKt$a$d:
# {"id":"sourceFile","fileName":"LinkExtension.kt"}
    com.nick.mowen.linkpreview.listener.CardListener $listener -> a
    1:1:kotlin.coroutines.Continuation create(java.lang.Object,kotlin.coroutines.Continuation):0:0 -> invoke
    1:1:java.lang.Object invoke(kotlinx.coroutines.CoroutineScope,kotlin.coroutines.Continuation):0 -> invoke
    1:1:java.lang.Object invoke(java.lang.Object,java.lang.Object):0 -> invoke
    2:2:java.lang.Object invoke(kotlinx.coroutines.CoroutineScope,kotlin.coroutines.Continuation):0:0 -> invoke
    2:2:java.lang.Object invoke(java.lang.Object,java.lang.Object):0 -> invoke
    1:1:java.lang.Object invokeSuspend(java.lang.Object):119:119 -> invokeSuspend
com.nick.mowen.linkpreview.extension.LinkExtensionKt$loadPreviewData$2 -> com.nick.mowen.linkpreview.extension.LinkExtensionKt$b:
# {"id":"sourceFile","fileName":"LinkExtension.kt"}
    com.nick.mowen.linkpreview.listener.LinkListener $listener -> e
    com.nick.mowen.linkpreview.view.LinkPreview $this_loadPreviewData -> f
    int $key -> d
    java.lang.Object L$0 -> a
    java.lang.String $link -> b
    java.util.HashMap $linkMap -> c
    1:1:java.lang.Object invoke(kotlinx.coroutines.CoroutineScope,kotlin.coroutines.Continuation):0:0 -> invoke
    1:1:java.lang.Object invoke(java.lang.Object,java.lang.Object):0 -> invoke
    1:32:java.lang.Object invokeSuspend(java.lang.Object):26:57 -> invokeSuspend
    33:63:java.lang.Object invokeSuspend(java.lang.Object):49:79 -> invokeSuspend
com.nick.mowen.linkpreview.extension.LinkExtensionKt$loadPreviewData$2$1 -> com.nick.mowen.linkpreview.extension.LinkExtensionKt$b$a:
# {"id":"sourceFile","fileName":"LinkExtension.kt"}
    com.nick.mowen.linkpreview.PreviewData $result -> a
    com.nick.mowen.linkpreview.listener.LinkListener $listener -> c
    com.nick.mowen.linkpreview.view.LinkPreview $this_loadPreviewData -> b
    1:1:kotlin.coroutines.Continuation create(java.lang.Object,kotlin.coroutines.Continuation):0:0 -> invoke
    1:1:java.lang.Object invoke(kotlinx.coroutines.CoroutineScope,kotlin.coroutines.Continuation):0 -> invoke
    1:1:java.lang.Object invoke(java.lang.Object,java.lang.Object):0 -> invoke
    2:2:java.lang.Object invoke(kotlinx.coroutines.CoroutineScope,kotlin.coroutines.Continuation):0:0 -> invoke
    2:2:java.lang.Object invoke(java.lang.Object,java.lang.Object):0 -> invoke
    1:18:java.lang.Object invokeSuspend(java.lang.Object):60:77 -> invokeSuspend
com.nick.mowen.linkpreview.extension.LinkExtensionKt$loadPreviewData$2$result$1 -> com.nick.mowen.linkpreview.extension.LinkExtensionKt$b$b:
# {"id":"sourceFile","fileName":"LinkExtension.kt"}
    com.nick.mowen.linkpreview.listener.LinkListener $listener -> a
    1:1:kotlin.coroutines.Continuation create(java.lang.Object,kotlin.coroutines.Continuation):0:0 -> invoke
    1:1:java.lang.Object invoke(kotlinx.coroutines.CoroutineScope,kotlin.coroutines.Continuation):0 -> invoke
    1:1:java.lang.Object invoke(java.lang.Object,java.lang.Object):0 -> invoke
    2:2:java.lang.Object invoke(kotlinx.coroutines.CoroutineScope,kotlin.coroutines.Continuation):0:0 -> invoke
    2:2:java.lang.Object invoke(java.lang.Object,java.lang.Object):0 -> invoke
    1:1:java.lang.Object invokeSuspend(java.lang.Object):45:45 -> invokeSuspend
com.nick.mowen.linkpreview.extension.LinkExtensionKt$loadPreviewData$2$result$2 -> com.nick.mowen.linkpreview.extension.LinkExtensionKt$b$c:
# {"id":"sourceFile","fileName":"LinkExtension.kt"}
    com.nick.mowen.linkpreview.listener.LinkListener $listener -> a
    1:1:kotlin.coroutines.Continuation create(java.lang.Object,kotlin.coroutines.Continuation):0:0 -> invoke
    1:1:java.lang.Object invoke(kotlinx.coroutines.CoroutineScope,kotlin.coroutines.Continuation):0 -> invoke
    1:1:java.lang.Object invoke(java.lang.Object,java.lang.Object):0 -> invoke
    2:2:java.lang.Object invoke(kotlinx.coroutines.CoroutineScope,kotlin.coroutines.Continuation):0:0 -> invoke
    2:2:java.lang.Object invoke(java.lang.Object,java.lang.Object):0 -> invoke
    1:1:java.lang.Object invokeSuspend(java.lang.Object):51:51 -> invokeSuspend
com.nick.mowen.linkpreview.extension.LinkExtensionKt$loadPreviewData$2$result$3 -> com.nick.mowen.linkpreview.extension.LinkExtensionKt$b$d:
# {"id":"sourceFile","fileName":"LinkExtension.kt"}
    com.nick.mowen.linkpreview.listener.LinkListener $listener -> a
    1:1:kotlin.coroutines.Continuation create(java.lang.Object,kotlin.coroutines.Continuation):0:0 -> invoke
    1:1:java.lang.Object invoke(kotlinx.coroutines.CoroutineScope,kotlin.coroutines.Continuation):0 -> invoke
    1:1:java.lang.Object invoke(java.lang.Object,java.lang.Object):0 -> invoke
    2:2:java.lang.Object invoke(kotlinx.coroutines.CoroutineScope,kotlin.coroutines.Continuation):0:0 -> invoke
    2:2:java.lang.Object invoke(java.lang.Object,java.lang.Object):0 -> invoke
    1:1:java.lang.Object invokeSuspend(java.lang.Object):56:56 -> invokeSuspend
com.nick.mowen.linkpreview.extension.LinkMapExtensionKt -> com.nick.mowen.linkpreview.extension.LinkMapExtensionKt:
# {"id":"sourceFile","fileName":"LinkMapExtension.kt"}
    1:1:kotlinx.coroutines.Job addLink(android.content.Context,java.lang.String,java.lang.String):36:36 -> addLink
    1:25:void clearMap(android.content.Context):27:27 -> clearMap
    52:52:void clearMap(android.content.Context):54:54 -> clearMap
    1:6:java.util.HashMap loadLinkMap(android.content.Context):13:18 -> loadLinkMap
com.nick.mowen.linkpreview.extension.LinkMapExtensionKt$addLink$1 -> com.nick.mowen.linkpreview.extension.LinkMapExtensionKt$a:
# {"id":"sourceFile","fileName":"LinkMapExtension.kt"}
    android.content.Context $this_addLink -> a
    java.lang.String $image -> c
    java.lang.String $hashed -> b
    1:1:kotlin.coroutines.Continuation create(java.lang.Object,kotlin.coroutines.Continuation):0:0 -> invoke
    1:1:java.lang.Object invoke(kotlinx.coroutines.CoroutineScope,kotlin.coroutines.Continuation):0 -> invoke
    1:1:java.lang.Object invoke(java.lang.Object,java.lang.Object):0 -> invoke
    2:2:java.lang.Object invoke(kotlinx.coroutines.CoroutineScope,kotlin.coroutines.Continuation):0:0 -> invoke
    2:2:java.lang.Object invoke(java.lang.Object,java.lang.Object):0 -> invoke
    1:15:java.lang.Object invokeSuspend(java.lang.Object):36:50 -> invokeSuspend
    16:30:java.lang.Object invokeSuspend(java.lang.Object):40:54 -> invokeSuspend
    31:31:java.lang.Object invokeSuspend(java.lang.Object):44:44 -> invokeSuspend
com.nick.mowen.linkpreview.extension.UrlExtensionKt -> com.nick.mowen.linkpreview.extension.UrlExtensionKt:
# {"id":"sourceFile","fileName":"UrlExtension.kt"}
    1:1:boolean isUrl(java.lang.String):6:6 -> isUrl
    1:1:java.lang.String parseUrl(java.lang.String):11:11 -> parseUrl
com.nick.mowen.linkpreview.helper.LinkPreviewNetwork -> com.nick.mowen.linkpreview.helper.LinkPreviewNetwork:
# {"id":"sourceFile","fileName":"LinkPreviewNetwork.kt"}
    1:1:void <init>():10:10 -> <init>
    1:3:java.lang.Object loadImage(android.content.Context,java.lang.String,kotlin.coroutines.Continuation):15:15 -> loadImage
    5:39:java.lang.Object loadImage(android.content.Context,java.lang.String,kotlin.coroutines.Continuation):17:51 -> loadImage
com.nick.mowen.linkpreview.helper.LinkPreviewNetwork$loadImage$1 -> com.nick.mowen.linkpreview.helper.LinkPreviewNetwork$a:
# {"id":"sourceFile","fileName":"LinkPreviewNetwork.kt"}
    java.lang.Object result -> a
    com.nick.mowen.linkpreview.helper.LinkPreviewNetwork this$0 -> b
    int label -> c
com.nick.mowen.linkpreview.helper.LinkPreviewNetwork$loadImage$2 -> com.nick.mowen.linkpreview.helper.LinkPreviewNetwork$b:
# {"id":"sourceFile","fileName":"LinkPreviewNetwork.kt"}
    android.content.Context $context -> a
    java.lang.String $link -> b
    1:1:kotlin.coroutines.Continuation create(java.lang.Object,kotlin.coroutines.Continuation):0:0 -> invoke
    1:1:java.lang.Object invoke(kotlinx.coroutines.CoroutineScope,kotlin.coroutines.Continuation):0 -> invoke
    1:1:java.lang.Object invoke(java.lang.Object,java.lang.Object):0 -> invoke
    2:2:java.lang.Object invoke(kotlinx.coroutines.CoroutineScope,kotlin.coroutines.Continuation):0:0 -> invoke
    2:2:java.lang.Object invoke(java.lang.Object,java.lang.Object):0 -> invoke
    1:30:java.lang.Object invokeSuspend(java.lang.Object):17:46 -> invokeSuspend
    31:32:java.lang.Object invokeSuspend(java.lang.Object):41:42 -> invokeSuspend
com.nick.mowen.linkpreview.listener.CardListener -> com.nick.mowen.linkpreview.listener.CardListener:
# {"id":"sourceFile","fileName":"CardListener.kt"}
com.nick.mowen.linkpreview.listener.LinkClickListener -> com.nick.mowen.linkpreview.listener.LinkClickListener:
# {"id":"sourceFile","fileName":"LinkClickListener.kt"}
com.nick.mowen.linkpreview.listener.LinkListener -> com.nick.mowen.linkpreview.listener.LinkListener:
# {"id":"sourceFile","fileName":"LinkListener.kt"}
com.nick.mowen.linkpreview.view.LinkCardView -> com.nick.mowen.linkpreview.view.LinkCardView:
# {"id":"sourceFile","fileName":"LinkCardView.kt"}
    kotlinx.coroutines.CoroutineScope linkScope -> b
    java.lang.String url -> f
    boolean hideWhileLoading -> j
    int articleColor -> i
    kotlinx.coroutines.CompletableJob linkJob -> a
    com.nick.mowen.linkpreview.ImageType imageType -> e
    int linkIndicator -> c
    java.util.HashMap linkMap -> d
    com.nick.mowen.linkpreview.listener.LinkClickListener clickListener -> h
    com.nick.mowen.linkpreview.listener.CardListener loadListener -> g
    1:1:void <init>(android.content.Context):58:58 -> <init>
    2:2:void <init>(android.content.Context,android.util.AttributeSet,int):29:29 -> <init>
    2:2:void <init>(android.content.Context):29 -> <init>
    5:5:void <init>(android.content.Context,android.util.AttributeSet,int):32:32 -> <init>
    5:5:void <init>(android.content.Context):32 -> <init>
    11:11:void <init>(android.content.Context,android.util.AttributeSet,int):38:38 -> <init>
    11:11:void <init>(android.content.Context):38 -> <init>
    14:14:void <init>(android.content.Context,android.util.AttributeSet,int):41:41 -> <init>
    14:14:void <init>(android.content.Context):41 -> <init>
    17:17:void <init>(android.content.Context,android.util.AttributeSet,int):44:44 -> <init>
    17:17:void <init>(android.content.Context):44 -> <init>
    26:26:void <init>(android.content.Context,android.util.AttributeSet,int):53:53 -> <init>
    26:26:void <init>(android.content.Context):53 -> <init>
    27:27:void <init>(android.content.Context):59:59 -> <init>
    28:28:void <init>(android.content.Context,android.util.AttributeSet):62:62 -> <init>
    29:29:void <init>(android.content.Context,android.util.AttributeSet,int) -> <init>
    29:29:void <init>(android.content.Context,android.util.AttributeSet):29 -> <init>
    32:32:void <init>(android.content.Context,android.util.AttributeSet,int) -> <init>
    32:32:void <init>(android.content.Context,android.util.AttributeSet):32 -> <init>
    38:38:void <init>(android.content.Context,android.util.AttributeSet,int) -> <init>
    38:38:void <init>(android.content.Context,android.util.AttributeSet):38 -> <init>
    41:41:void <init>(android.content.Context,android.util.AttributeSet,int) -> <init>
    41:41:void <init>(android.content.Context,android.util.AttributeSet):41 -> <init>
    44:44:void <init>(android.content.Context,android.util.AttributeSet,int) -> <init>
    44:44:void <init>(android.content.Context,android.util.AttributeSet):44 -> <init>
    53:53:void <init>(android.content.Context,android.util.AttributeSet,int) -> <init>
    53:53:void <init>(android.content.Context,android.util.AttributeSet):53 -> <init>
    54:54:void <init>(android.content.Context,android.util.AttributeSet):63:63 -> <init>
    55:55:void <init>(android.content.Context,android.util.AttributeSet,int):66:66 -> <init>
    56:98:void <init>(android.content.Context,android.util.AttributeSet,int):29:71 -> <init>
    1:107:void bindViews(android.content.Context):95:201 -> a
    108:109:void bindViews(android.content.Context):109:110 -> a
    110:200:void createLinkData():114:204 -> a
    201:284:void createLinkData():123:206 -> a
    285:285:void createLinkData():136:136 -> a
    1:1:java.util.HashMap access$getLinkMap$p(com.nick.mowen.linkpreview.view.LinkCardView):23:23 -> access$getLinkIndicator$p
    1:1:int access$getLinkIndicator$p(com.nick.mowen.linkpreview.view.LinkCardView):23 -> access$getLinkIndicator$p
    1:1:java.util.HashMap access$getLinkMap$p(com.nick.mowen.linkpreview.view.LinkCardView):23:23 -> access$getLinkMap$p
    1:1:java.util.HashMap access$getLinkMap$p(com.nick.mowen.linkpreview.view.LinkCardView):23:23 -> access$getLinkScope$p
    1:1:kotlinx.coroutines.CoroutineScope access$getLinkScope$p(com.nick.mowen.linkpreview.view.LinkCardView):23 -> access$getLinkScope$p
    1:1:java.util.HashMap access$getLinkMap$p(com.nick.mowen.linkpreview.view.LinkCardView):23:23 -> access$setLinkIndicator$p
    1:1:void access$setLinkIndicator$p(com.nick.mowen.linkpreview.view.LinkCardView,int):23 -> access$setLinkIndicator$p
    1:1:java.util.HashMap access$getLinkMap$p(com.nick.mowen.linkpreview.view.LinkCardView):23:23 -> access$setLinkMap$p
    1:1:void access$setLinkMap$p(com.nick.mowen.linkpreview.view.LinkCardView,java.util.HashMap):23 -> access$setLinkMap$p
    1:1:void <init>(android.content.Context,android.util.AttributeSet,int):53:53 -> getArticleColor
    1:1:int getArticleColor():53 -> getArticleColor
    1:1:void setBinding(com.nick.mowen.linkpreview.databinding.CardBinding):26:26 -> getBinding
    1:1:com.nick.mowen.linkpreview.databinding.CardBinding getBinding():26 -> getBinding
    1:1:void setClickListener(com.nick.mowen.linkpreview.listener.LinkClickListener):50:50 -> getClickListener
    1:1:com.nick.mowen.linkpreview.listener.LinkClickListener getClickListener():50 -> getClickListener
    1:1:void setHideWhileLoading(boolean):56:56 -> getHideWhileLoading
    1:1:boolean getHideWhileLoading():56 -> getHideWhileLoading
    1:1:void setLoadListener(com.nick.mowen.linkpreview.listener.CardListener):47:47 -> getLoadListener
    1:1:com.nick.mowen.linkpreview.listener.CardListener getLoadListener():47 -> getLoadListener
    1:1:void <init>(android.content.Context,android.util.AttributeSet,int):44:44 -> getUrl
    1:1:java.lang.String getUrl():44 -> getUrl
    1:121:void onClick(android.view.View):80:200 -> onClick
    122:122:void onClick(android.view.View):83:83 -> onClick
    123:241:void onClick(android.view.View):82:82 -> onClick
    1:60:boolean parseTextForLink(java.lang.String):149:208 -> parseTextForLink
    1:1:void <init>(android.content.Context,android.util.AttributeSet,int):53:53 -> setArticleColor
    1:1:void setArticleColor(int):53 -> setArticleColor
    1:1:void setBinding(com.nick.mowen.linkpreview.databinding.CardBinding):26:26 -> setBinding
    1:2:void setCardData(com.nick.mowen.linkpreview.PreviewData):189:190 -> setCardData
    1:1:void setClickListener(com.nick.mowen.linkpreview.listener.LinkClickListener):50:50 -> setClickListener
    1:1:void setHideWhileLoading(boolean):56:56 -> setHideWhileLoading
    1:5:void setLink(java.lang.String):180:184 -> setLink
    1:1:void setLoadListener(com.nick.mowen.linkpreview.listener.CardListener):47:47 -> setLoadListener
    1:1:void <init>(android.content.Context,android.util.AttributeSet,int):44:44 -> setUrl
    1:1:void setUrl(java.lang.String):44 -> setUrl
com.nick.mowen.linkpreview.view.LinkCardView$Companion -> com.nick.mowen.linkpreview.view.LinkCardView$Companion:
# {"id":"sourceFile","fileName":"LinkCardView.kt"}
    1:1:void <init>():193:193 -> <init>
com.nick.mowen.linkpreview.view.LinkCardView$WhenMappings -> com.nick.mowen.linkpreview.view.LinkCardView$WhenMappings:
# {"id":"sourceFile","fileName":"LinkCardView.kt"}
com.nick.mowen.linkpreview.view.LinkCardView$bindViews$2 -> com.nick.mowen.linkpreview.view.LinkCardView$a:
# {"id":"sourceFile","fileName":"LinkCardView.kt"}
    com.nick.mowen.linkpreview.view.LinkCardView this$0 -> a
    android.content.Context $context -> b
    1:1:kotlin.coroutines.Continuation create(java.lang.Object,kotlin.coroutines.Continuation):0:0 -> invoke
    1:1:java.lang.Object invoke(kotlinx.coroutines.CoroutineScope,kotlin.coroutines.Continuation):0 -> invoke
    1:1:java.lang.Object invoke(java.lang.Object,java.lang.Object):0 -> invoke
    2:2:java.lang.Object invoke(kotlinx.coroutines.CoroutineScope,kotlin.coroutines.Continuation):0:0 -> invoke
    2:2:java.lang.Object invoke(java.lang.Object,java.lang.Object):0 -> invoke
    1:1:java.lang.Object invokeSuspend(java.lang.Object):110:110 -> invokeSuspend
com.nick.mowen.linkpreview.view.LinkCardView$createLinkData$2 -> com.nick.mowen.linkpreview.view.LinkCardView$b:
# {"id":"sourceFile","fileName":"LinkCardView.kt"}
    com.nick.mowen.linkpreview.view.LinkCardView this$0 -> b
    int label -> a
    1:1:kotlin.coroutines.Continuation create(java.lang.Object,kotlin.coroutines.Continuation):0:0 -> invoke
    1:1:java.lang.Object invoke(kotlinx.coroutines.CoroutineScope,kotlin.coroutines.Continuation):0 -> invoke
    1:1:java.lang.Object invoke(java.lang.Object,java.lang.Object):0 -> invoke
    2:2:java.lang.Object invoke(kotlinx.coroutines.CoroutineScope,kotlin.coroutines.Continuation):0:0 -> invoke
    2:2:java.lang.Object invoke(java.lang.Object,java.lang.Object):0 -> invoke
    1:9:java.lang.Object invokeSuspend(java.lang.Object):124:124 -> invokeSuspend
    10:16:java.lang.Object invokeSuspend(java.lang.Object):125:131 -> invokeSuspend
com.nick.mowen.linkpreview.view.LinkPreview -> com.nick.mowen.linkpreview.view.LinkPreview:
# {"id":"sourceFile","fileName":"LinkPreview.kt"}
    com.nick.mowen.linkpreview.listener.LinkListener loadListener -> g
    kotlinx.coroutines.CoroutineScope linkScope -> b
    java.lang.String url -> f
    java.lang.String currentLink -> k
    boolean hideWhileLoading -> j
    int articleColor -> i
    kotlinx.coroutines.CompletableJob linkJob -> a
    com.nick.mowen.linkpreview.ImageType imageType -> e
    int linkIndicator -> c
    java.util.HashMap linkMap -> d
    com.nick.mowen.linkpreview.listener.LinkClickListener clickListener -> h
    1:1:void <init>(android.content.Context):62:62 -> <init>
    2:2:void <init>(android.content.Context,android.util.AttributeSet,int):30:30 -> <init>
    2:2:void <init>(android.content.Context):30 -> <init>
    5:5:void <init>(android.content.Context,android.util.AttributeSet,int):33:33 -> <init>
    5:5:void <init>(android.content.Context):33 -> <init>
    11:11:void <init>(android.content.Context,android.util.AttributeSet,int):39:39 -> <init>
    11:11:void <init>(android.content.Context):39 -> <init>
    14:14:void <init>(android.content.Context,android.util.AttributeSet,int):42:42 -> <init>
    14:14:void <init>(android.content.Context):42 -> <init>
    17:17:void <init>(android.content.Context,android.util.AttributeSet,int):45:45 -> <init>
    17:17:void <init>(android.content.Context):45 -> <init>
    26:26:void <init>(android.content.Context,android.util.AttributeSet,int):54:54 -> <init>
    26:26:void <init>(android.content.Context):54 -> <init>
    32:32:void <init>(android.content.Context,android.util.AttributeSet,int):60:60 -> <init>
    32:32:void <init>(android.content.Context):60 -> <init>
    33:33:void <init>(android.content.Context):63:63 -> <init>
    34:34:void <init>(android.content.Context,android.util.AttributeSet):66:66 -> <init>
    35:35:void <init>(android.content.Context,android.util.AttributeSet,int):30:30 -> <init>
    35:35:void <init>(android.content.Context,android.util.AttributeSet):30 -> <init>
    38:38:void <init>(android.content.Context,android.util.AttributeSet,int):33:33 -> <init>
    38:38:void <init>(android.content.Context,android.util.AttributeSet):33 -> <init>
    44:44:void <init>(android.content.Context,android.util.AttributeSet,int):39:39 -> <init>
    44:44:void <init>(android.content.Context,android.util.AttributeSet):39 -> <init>
    47:47:void <init>(android.content.Context,android.util.AttributeSet,int):42:42 -> <init>
    47:47:void <init>(android.content.Context,android.util.AttributeSet):42 -> <init>
    50:50:void <init>(android.content.Context,android.util.AttributeSet,int):45:45 -> <init>
    50:50:void <init>(android.content.Context,android.util.AttributeSet):45 -> <init>
    59:59:void <init>(android.content.Context,android.util.AttributeSet,int):54:54 -> <init>
    59:59:void <init>(android.content.Context,android.util.AttributeSet):54 -> <init>
    65:65:void <init>(android.content.Context,android.util.AttributeSet,int):60:60 -> <init>
    65:65:void <init>(android.content.Context,android.util.AttributeSet):60 -> <init>
    66:67:void <init>(android.content.Context,android.util.AttributeSet):67:68 -> <init>
    68:68:void <init>(android.content.Context,android.util.AttributeSet,int):71:71 -> <init>
    69:116:void <init>(android.content.Context,android.util.AttributeSet,int):30:77 -> <init>
    1:173:void bindViews(android.content.Context):101:273 -> a
    174:175:void bindViews(android.content.Context):115:116 -> a
    176:183:void bindAttrs(android.util.AttributeSet,int):120:127 -> a
    184:228:void setText():136:180 -> a
    1:1:java.util.HashMap access$getLinkMap$p(com.nick.mowen.linkpreview.view.LinkPreview):24:24 -> access$getLinkIndicator$p
    1:1:int access$getLinkIndicator$p(com.nick.mowen.linkpreview.view.LinkPreview):24 -> access$getLinkIndicator$p
    1:1:java.util.HashMap access$getLinkMap$p(com.nick.mowen.linkpreview.view.LinkPreview):24:24 -> access$getLinkMap$p
    1:1:java.util.HashMap access$getLinkMap$p(com.nick.mowen.linkpreview.view.LinkPreview):24:24 -> access$getLinkScope$p
    1:1:kotlinx.coroutines.CoroutineScope access$getLinkScope$p(com.nick.mowen.linkpreview.view.LinkPreview):24 -> access$getLinkScope$p
    1:1:java.util.HashMap access$getLinkMap$p(com.nick.mowen.linkpreview.view.LinkPreview):24:24 -> access$setLinkIndicator$p
    1:1:void access$setLinkIndicator$p(com.nick.mowen.linkpreview.view.LinkPreview,int):24 -> access$setLinkIndicator$p
    1:1:java.util.HashMap access$getLinkMap$p(com.nick.mowen.linkpreview.view.LinkPreview):24:24 -> access$setLinkMap$p
    1:1:void access$setLinkMap$p(com.nick.mowen.linkpreview.view.LinkPreview,java.util.HashMap):24 -> access$setLinkMap$p
    1:1:void <init>(android.content.Context,android.util.AttributeSet,int):54:54 -> getArticleColor
    1:1:int getArticleColor():54 -> getArticleColor
    1:1:void setBinding(com.nick.mowen.linkpreview.databinding.PreviewBinding):27:27 -> getBinding
    1:1:com.nick.mowen.linkpreview.databinding.PreviewBinding getBinding():27 -> getBinding
    1:1:void setClickListener(com.nick.mowen.linkpreview.listener.LinkClickListener):51:51 -> getClickListener
    1:1:com.nick.mowen.linkpreview.listener.LinkClickListener getClickListener():51 -> getClickListener
    1:1:void <init>(android.content.Context,android.util.AttributeSet,int):60:60 -> getCurrentLink
    1:1:java.lang.String getCurrentLink():60 -> getCurrentLink
    1:1:void setHideWhileLoading(boolean):57:57 -> getHideWhileLoading
    1:1:boolean getHideWhileLoading():57 -> getHideWhileLoading
    1:1:void setLoadListener(com.nick.mowen.linkpreview.listener.LinkListener):48:48 -> getLoadListener
    1:1:com.nick.mowen.linkpreview.listener.LinkListener getLoadListener():48 -> getLoadListener
    1:1:void <init>(android.content.Context,android.util.AttributeSet,int):45:45 -> getUrl
    1:1:java.lang.String getUrl():45 -> getUrl
    1:187:void onClick(android.view.View):86:272 -> onClick
    188:188:void onClick(android.view.View):89:89 -> onClick
    189:373:void onClick(android.view.View):88:88 -> onClick
    1:32:boolean parseTextForLink(java.lang.String):215:246 -> parseTextForLink
    1:1:void <init>(android.content.Context,android.util.AttributeSet,int):54:54 -> setArticleColor
    1:1:void setArticleColor(int):54 -> setArticleColor
    1:1:void setBinding(com.nick.mowen.linkpreview.databinding.PreviewBinding):27:27 -> setBinding
    1:1:void setClickListener(com.nick.mowen.linkpreview.listener.LinkClickListener):51:51 -> setClickListener
    1:1:void <init>(android.content.Context,android.util.AttributeSet,int):60:60 -> setCurrentLink
    1:1:void setCurrentLink(java.lang.String):60 -> setCurrentLink
    1:1:void setHideWhileLoading(boolean):57:57 -> setHideWhileLoading
    1:5:void setLink(java.lang.String):257:261 -> setLink
    1:1:void setLoadListener(com.nick.mowen.linkpreview.listener.LinkListener):48:48 -> setLoadListener
    1:86:void setPreviewData(com.nick.mowen.linkpreview.PreviewData):192:277 -> setPreviewData
    1:1:void <init>(android.content.Context,android.util.AttributeSet,int):45:45 -> setUrl
    1:1:void setUrl(java.lang.String):45 -> setUrl
com.nick.mowen.linkpreview.view.LinkPreview$Companion -> com.nick.mowen.linkpreview.view.LinkPreview$Companion:
# {"id":"sourceFile","fileName":"LinkPreview.kt"}
    1:1:void <init>():265:265 -> <init>
com.nick.mowen.linkpreview.view.LinkPreview$WhenMappings -> com.nick.mowen.linkpreview.view.LinkPreview$WhenMappings:
# {"id":"sourceFile","fileName":"LinkPreview.kt"}
com.nick.mowen.linkpreview.view.LinkPreview$bindViews$2 -> com.nick.mowen.linkpreview.view.LinkPreview$a:
# {"id":"sourceFile","fileName":"LinkPreview.kt"}
    android.content.Context $context -> b
    com.nick.mowen.linkpreview.view.LinkPreview this$0 -> a
    1:1:kotlin.coroutines.Continuation create(java.lang.Object,kotlin.coroutines.Continuation):0:0 -> invoke
    1:1:java.lang.Object invoke(kotlinx.coroutines.CoroutineScope,kotlin.coroutines.Continuation):0 -> invoke
    1:1:java.lang.Object invoke(java.lang.Object,java.lang.Object):0 -> invoke
    2:2:java.lang.Object invoke(kotlinx.coroutines.CoroutineScope,kotlin.coroutines.Continuation):0:0 -> invoke
    2:2:java.lang.Object invoke(java.lang.Object,java.lang.Object):0 -> invoke
    1:1:java.lang.Object invokeSuspend(java.lang.Object):116:116 -> invokeSuspend
com.nick.mowen.linkpreview.view.LinkPreview$setText$3 -> com.nick.mowen.linkpreview.view.LinkPreview$b:
# {"id":"sourceFile","fileName":"LinkPreview.kt"}
    com.nick.mowen.linkpreview.view.LinkPreview this$0 -> b
    int label -> a
    1:1:kotlin.coroutines.Continuation create(java.lang.Object,kotlin.coroutines.Continuation):0:0 -> invoke
    1:1:java.lang.Object invoke(kotlinx.coroutines.CoroutineScope,kotlin.coroutines.Continuation):0 -> invoke
    1:1:java.lang.Object invoke(java.lang.Object,java.lang.Object):0 -> invoke
    2:2:java.lang.Object invoke(kotlinx.coroutines.CoroutineScope,kotlin.coroutines.Continuation):0:0 -> invoke
    2:2:java.lang.Object invoke(java.lang.Object,java.lang.Object):0 -> invoke
    1:10:java.lang.Object invokeSuspend(java.lang.Object):167:167 -> invokeSuspend
    11:18:java.lang.Object invokeSuspend(java.lang.Object):168:175 -> invokeSuspend
