# compiler: R8
# compiler_version: 1.6.67
# pg_map_id: 139938b
# common_typos_disable
androidx.databinding.library.baseAdapters.BR -> androidx.databinding.library.baseAdapters.BR:
    1:1:void <init>():3:3 -> <init>
com.nick.mowen.linkpreview.BR -> com.nick.mowen.linkpreview.BR:
    1:1:void <init>():3:3 -> <init>
com.nick.mowen.linkpreview.BuildConfig -> com.nick.mowen.linkpreview.BuildConfig:
    1:1:void <init>():6:6 -> <init>
com.nick.mowen.linkpreview.CardData -> com.nick.mowen.linkpreview.CardData:
    1:1:void <init>(java.lang.String,java.lang.String,java.lang.String):6:6 -> <init>
    1:1:java.lang.String getBaseUrl():6:6 -> getBaseUrl
    1:1:java.lang.String getImageUrl():6:6 -> getImageUrl
    1:1:java.lang.String getTitle():6:6 -> getTitle
    1:1:boolean isEmpty():8:8 -> isEmpty
    1:1:boolean isNotEmpty():10:10 -> isNotEmpty
com.nick.mowen.linkpreview.Constants -> com.nick.mowen.linkpreview.Constants:
    1:1:void <clinit>():3:3 -> <clinit>
    1:1:void <init>():3:3 -> <init>
com.nick.mowen.linkpreview.DataBinderMapperImpl -> com.nick.mowen.linkpreview.DataBinderMapperImpl:
    android.util.SparseIntArray INTERNAL_LAYOUT_ID_LOOKUP -> a
    1:5:void <clinit>():26:30 -> <clinit>
    1:1:void <init>():21:21 -> <init>
    1:2:java.util.List collectDependencies():93:94 -> collectDependencies
    1:1:java.lang.String convertBrIdToString(int):87:87 -> convertBrIdToString
    1:18:androidx.databinding.ViewDataBinding getDataBinder(androidx.databinding.DataBindingComponent,android.view.View,int):35:52 -> getDataBinder
    19:22:androidx.databinding.ViewDataBinding getDataBinder(androidx.databinding.DataBindingComponent,android.view.View,int):43:46 -> getDataBinder
    23:23:androidx.databinding.ViewDataBinding getDataBinder(androidx.databinding.DataBindingComponent,android.view.View,int):39:39 -> getDataBinder
    24:31:androidx.databinding.ViewDataBinding getDataBinder(androidx.databinding.DataBindingComponent,android.view.View[],int):61:68 -> getDataBinder
    1:2:int getLayoutId(java.lang.String):81:82 -> getLayoutId
com.nick.mowen.linkpreview.DataBinderMapperImpl$InnerBrLookup -> com.nick.mowen.linkpreview.DataBinderMapperImpl$a:
    android.util.SparseArray sKeys -> a
    1:5:void <clinit>():99:103 -> <clinit>
com.nick.mowen.linkpreview.DataBinderMapperImpl$InnerLayoutIdLookup -> com.nick.mowen.linkpreview.DataBinderMapperImpl$b:
    java.util.HashMap sKeys -> a
    1:5:void <clinit>():108:112 -> <clinit>
com.nick.mowen.linkpreview.DataBindingInfo -> com.nick.mowen.linkpreview.DataBindingInfo:
    1:1:void <init>():6:6 -> <init>
com.nick.mowen.linkpreview.ImageType -> com.nick.mowen.linkpreview.ImageType:
    com.nick.mowen.linkpreview.ImageType[] $VALUES -> a
    1:1:void <init>(java.lang.String,int):6:6 -> <init>
com.nick.mowen.linkpreview.binding.BindingAdapter -> com.nick.mowen.linkpreview.binding.BindingAdapter:
    1:1:void <clinit>():11:11 -> <clinit>
    1:1:void <init>():11:11 -> <init>
    1:6:void setImageUrl(android.widget.ImageView,java.lang.String):26:31 -> setImageUrl
    7:15:void setImageUrl(android.widget.ImageView,java.lang.String):22:30 -> setImageUrl
    1:1:boolean setParsedLink(com.nick.mowen.linkpreview.view.LinkPreview,java.lang.String):15:15 -> setParsedLink
com.nick.mowen.linkpreview.databinding.CardBinding -> com.nick.mowen.linkpreview.databinding.CardBinding:
    1:6:void <init>(java.lang.Object,android.view.View,int,com.google.android.material.card.MaterialCardView,androidx.constraintlayout.widget.ConstraintLayout,android.widget.ImageView,android.widget.TextView,android.widget.TextView):43:48 -> <init>
    1:1:com.nick.mowen.linkpreview.databinding.CardBinding bind(android.view.View):97:97 -> bind
    2:2:com.nick.mowen.linkpreview.databinding.CardBinding bind(android.view.View,java.lang.Object):109:109 -> bind
    1:1:com.nick.mowen.linkpreview.CardData getData():55:55 -> getData
    1:1:com.nick.mowen.linkpreview.databinding.CardBinding inflate(android.view.LayoutInflater,android.view.ViewGroup,boolean):61:61 -> inflate
    2:2:com.nick.mowen.linkpreview.databinding.CardBinding inflate(android.view.LayoutInflater,android.view.ViewGroup,boolean,java.lang.Object):75:75 -> inflate
    3:3:com.nick.mowen.linkpreview.databinding.CardBinding inflate(android.view.LayoutInflater):80:80 -> inflate
    4:4:com.nick.mowen.linkpreview.databinding.CardBinding inflate(android.view.LayoutInflater,java.lang.Object):93:93 -> inflate
com.nick.mowen.linkpreview.databinding.CardBindingImpl -> com.nick.mowen.linkpreview.databinding.CardBindingImpl:
    android.util.SparseIntArray sViewsWithIds -> b
    long mDirtyFlags -> a
    1:2:void <clinit>():16:17 -> <clinit>
    1:1:void <init>(androidx.databinding.DataBindingComponent,android.view.View):26:26 -> <init>
    2:101:void <init>(androidx.databinding.DataBindingComponent,android.view.View,java.lang.Object[]):29:128 -> <init>
    102:108:void <init>(androidx.databinding.DataBindingComponent,android.view.View,java.lang.Object[]):36:42 -> <init>
    1:29:void executeBindings():94:122 -> executeBindings
    30:30:void executeBindings():97:97 -> executeBindings
    1:5:boolean hasPendingBindings():55:59 -> hasPendingBindings
    1:4:void invalidateAll():47:50 -> invalidateAll
    5:5:void invalidateAll():49:49 -> invalidateAll
    1:6:void setData(com.nick.mowen.linkpreview.CardData):76:81 -> setData
    7:7:void setData(com.nick.mowen.linkpreview.CardData):79:79 -> setData
    1:2:boolean setVariable(int,java.lang.Object):66:67 -> setVariable
com.nick.mowen.linkpreview.databinding.PreviewBinding -> com.nick.mowen.linkpreview.databinding.PreviewBinding:
    1:4:void <init>(java.lang.Object,android.view.View,int,androidx.constraintlayout.widget.ConstraintLayout,android.widget.ImageView,android.widget.TextView):30:33 -> <init>
    1:1:com.nick.mowen.linkpreview.databinding.PreviewBinding bind(android.view.View):76:76 -> bind
    2:2:com.nick.mowen.linkpreview.databinding.PreviewBinding bind(android.view.View,java.lang.Object):88:88 -> bind
    1:1:com.nick.mowen.linkpreview.databinding.PreviewBinding inflate(android.view.LayoutInflater,android.view.ViewGroup,boolean):39:39 -> inflate
    2:2:com.nick.mowen.linkpreview.databinding.PreviewBinding inflate(android.view.LayoutInflater,android.view.ViewGroup,boolean,java.lang.Object):53:53 -> inflate
    3:3:com.nick.mowen.linkpreview.databinding.PreviewBinding inflate(android.view.LayoutInflater):58:58 -> inflate
    4:4:com.nick.mowen.linkpreview.databinding.PreviewBinding inflate(android.view.LayoutInflater,java.lang.Object):72:72 -> inflate
com.nick.mowen.linkpreview.databinding.PreviewBindingImpl -> com.nick.mowen.linkpreview.databinding.PreviewBindingImpl:
    android.util.SparseIntArray sViewsWithIds -> b
    long mDirtyFlags -> a
    1:3:void <clinit>():16:18 -> <clinit>
    1:1:void <init>(androidx.databinding.DataBindingComponent,android.view.View):27:27 -> <init>
    2:56:void <init>(androidx.databinding.DataBindingComponent,android.view.View,java.lang.Object[]):30:84 -> <init>
    57:60:void <init>(androidx.databinding.DataBindingComponent,android.view.View,java.lang.Object[]):35:38 -> <init>
    1:4:void executeBindings():75:78 -> executeBindings
    1:5:boolean hasPendingBindings():51:55 -> hasPendingBindings
    1:4:void invalidateAll():43:46 -> invalidateAll
    5:5:void invalidateAll():45:45 -> invalidateAll
com.nick.mowen.linkpreview.extension.LinkExtensionKt -> com.nick.mowen.linkpreview.extension.LinkExtensionKt:
    1:1:java.lang.Object loadCardData(com.nick.mowen.linkpreview.view.LinkCardView,java.lang.String,java.util.HashMap,int,com.nick.mowen.linkpreview.listener.CardListener,kotlin.coroutines.Continuation):83:83 -> loadCardData
    1:1:java.lang.Object loadImage(com.nick.mowen.linkpreview.view.LinkPreview,java.lang.String,java.util.HashMap,int,com.nick.mowen.linkpreview.listener.LinkListener,kotlin.coroutines.Continuation):21:21 -> loadImage
com.nick.mowen.linkpreview.extension.LinkExtensionKt$loadCardData$2 -> com.nick.mowen.linkpreview.extension.LinkExtensionKt$a:
    kotlinx.coroutines.CoroutineScope p$ -> a
    com.nick.mowen.linkpreview.view.LinkCardView $this_loadCardData -> b
    int $key -> e
    java.lang.String $link -> c
    com.nick.mowen.linkpreview.listener.CardListener $listener -> f
    java.util.HashMap $linkMap -> d
    1:32:java.lang.Object invokeSuspend(java.lang.Object):83:114 -> invokeSuspend
    33:63:java.lang.Object invokeSuspend(java.lang.Object):106:136 -> invokeSuspend
com.nick.mowen.linkpreview.extension.LinkExtensionKt$loadCardData$2$1 -> com.nick.mowen.linkpreview.extension.LinkExtensionKt$a$a:
    kotlinx.coroutines.CoroutineScope p$ -> a
    com.nick.mowen.linkpreview.extension.LinkExtensionKt$loadCardData$2 this$0 -> b
    com.nick.mowen.linkpreview.CardData $result -> c
    1:18:java.lang.Object invokeSuspend(java.lang.Object):117:134 -> invokeSuspend
com.nick.mowen.linkpreview.extension.LinkExtensionKt$loadCardData$2$result$1 -> com.nick.mowen.linkpreview.extension.LinkExtensionKt$a$b:
    kotlinx.coroutines.CoroutineScope p$ -> a
    com.nick.mowen.linkpreview.extension.LinkExtensionKt$loadCardData$2 this$0 -> b
    1:1:java.lang.Object invokeSuspend(java.lang.Object):102:102 -> invokeSuspend
com.nick.mowen.linkpreview.extension.LinkExtensionKt$loadCardData$2$result$2 -> com.nick.mowen.linkpreview.extension.LinkExtensionKt$a$c:
    kotlinx.coroutines.CoroutineScope p$ -> a
    com.nick.mowen.linkpreview.extension.LinkExtensionKt$loadCardData$2 this$0 -> b
    1:1:java.lang.Object invokeSuspend(java.lang.Object):108:108 -> invokeSuspend
com.nick.mowen.linkpreview.extension.LinkExtensionKt$loadCardData$2$result$3 -> com.nick.mowen.linkpreview.extension.LinkExtensionKt$a$d:
    kotlinx.coroutines.CoroutineScope p$ -> a
    com.nick.mowen.linkpreview.extension.LinkExtensionKt$loadCardData$2 this$0 -> b
    1:1:java.lang.Object invokeSuspend(java.lang.Object):113:113 -> invokeSuspend
com.nick.mowen.linkpreview.extension.LinkExtensionKt$loadImage$2 -> com.nick.mowen.linkpreview.extension.LinkExtensionKt$b:
    kotlinx.coroutines.CoroutineScope p$ -> a
    com.nick.mowen.linkpreview.listener.LinkListener $listener -> f
    com.nick.mowen.linkpreview.view.LinkPreview $this_loadImage -> b
    int $key -> e
    java.lang.String $link -> c
    java.util.HashMap $linkMap -> d
    1:31:java.lang.Object invokeSuspend(java.lang.Object):21:51 -> invokeSuspend
    32:62:java.lang.Object invokeSuspend(java.lang.Object):44:74 -> invokeSuspend
com.nick.mowen.linkpreview.extension.LinkExtensionKt$loadImage$2$1 -> com.nick.mowen.linkpreview.extension.LinkExtensionKt$b$a:
    kotlinx.coroutines.CoroutineScope p$ -> a
    com.nick.mowen.linkpreview.extension.LinkExtensionKt$loadImage$2 this$0 -> b
    java.lang.String $result -> c
    1:18:java.lang.Object invokeSuspend(java.lang.Object):55:72 -> invokeSuspend
com.nick.mowen.linkpreview.extension.LinkExtensionKt$loadImage$2$result$1 -> com.nick.mowen.linkpreview.extension.LinkExtensionKt$b$b:
    kotlinx.coroutines.CoroutineScope p$ -> a
    com.nick.mowen.linkpreview.extension.LinkExtensionKt$loadImage$2 this$0 -> b
    1:1:java.lang.Object invokeSuspend(java.lang.Object):40:40 -> invokeSuspend
com.nick.mowen.linkpreview.extension.LinkExtensionKt$loadImage$2$result$2 -> com.nick.mowen.linkpreview.extension.LinkExtensionKt$b$c:
    kotlinx.coroutines.CoroutineScope p$ -> a
    com.nick.mowen.linkpreview.extension.LinkExtensionKt$loadImage$2 this$0 -> b
    1:1:java.lang.Object invokeSuspend(java.lang.Object):46:46 -> invokeSuspend
com.nick.mowen.linkpreview.extension.LinkExtensionKt$loadImage$2$result$3 -> com.nick.mowen.linkpreview.extension.LinkExtensionKt$b$d:
    kotlinx.coroutines.CoroutineScope p$ -> a
    com.nick.mowen.linkpreview.extension.LinkExtensionKt$loadImage$2 this$0 -> b
    1:1:java.lang.Object invokeSuspend(java.lang.Object):51:51 -> invokeSuspend
com.nick.mowen.linkpreview.extension.LinkMapExtensionKt -> com.nick.mowen.linkpreview.extension.LinkMapExtensionKt:
    1:1:kotlinx.coroutines.Job addLink(android.content.Context,java.lang.String,java.lang.String):36:36 -> addLink
    1:23:void clearMap(android.content.Context):27:49 -> clearMap
    24:50:void clearMap(android.content.Context):27:53 -> clearMap
    1:6:java.util.HashMap loadLinkMap(android.content.Context):13:18 -> loadLinkMap
com.nick.mowen.linkpreview.extension.LinkMapExtensionKt$addLink$1 -> com.nick.mowen.linkpreview.extension.LinkMapExtensionKt$a:
    kotlinx.coroutines.CoroutineScope p$ -> a
    android.content.Context $this_addLink -> b
    java.lang.String $hashed -> c
    java.lang.String $image -> d
    1:14:java.lang.Object invokeSuspend(java.lang.Object):36:49 -> invokeSuspend
    15:28:java.lang.Object invokeSuspend(java.lang.Object):40:53 -> invokeSuspend
    29:29:java.lang.Object invokeSuspend(java.lang.Object):44:44 -> invokeSuspend
com.nick.mowen.linkpreview.extension.UrlExtensionKt -> com.nick.mowen.linkpreview.extension.UrlExtensionKt:
    1:1:boolean isUrl(java.lang.String):6:6 -> isUrl
    1:1:java.lang.String parseUrl(java.lang.String):11:11 -> parseUrl
com.nick.mowen.linkpreview.helper.LinkPreviewNetwork -> com.nick.mowen.linkpreview.helper.LinkPreviewNetwork:
    1:1:void <clinit>():10:10 -> <clinit>
    1:1:void <init>():10:10 -> <init>
    1:2:java.lang.Object loadImage(android.content.Context,java.lang.String,kotlin.coroutines.Continuation):15:16 -> loadImage
    3:5:java.lang.Object loadImage(android.content.Context,java.lang.String,kotlin.coroutines.Continuation):15:17 -> loadImage
    6:42:java.lang.Object loadImage(android.content.Context,java.lang.String,kotlin.coroutines.Continuation):15:51 -> loadImage
com.nick.mowen.linkpreview.helper.LinkPreviewNetwork$loadImage$1 -> com.nick.mowen.linkpreview.helper.LinkPreviewNetwork$a:
    com.nick.mowen.linkpreview.helper.LinkPreviewNetwork this$0 -> c
    java.lang.Object L$2 -> f
    java.lang.Object L$0 -> d
    java.lang.Object L$1 -> e
    java.lang.Object result -> a
    int label -> b
com.nick.mowen.linkpreview.helper.LinkPreviewNetwork$loadImage$2 -> com.nick.mowen.linkpreview.helper.LinkPreviewNetwork$b:
    kotlinx.coroutines.CoroutineScope p$ -> a
    android.content.Context $context -> b
    java.lang.String $link -> c
    1:30:java.lang.Object invokeSuspend(java.lang.Object):17:46 -> invokeSuspend
    31:32:java.lang.Object invokeSuspend(java.lang.Object):41:42 -> invokeSuspend
com.nick.mowen.linkpreview.view.LinkCardView -> com.nick.mowen.linkpreview.view.LinkCardView:
    kotlinx.coroutines.CoroutineScope linkScope -> b
    boolean hideWhileLoading -> i
    int articleColor -> h
    kotlinx.coroutines.CompletableJob linkJob -> a
    com.nick.mowen.linkpreview.ImageType imageType -> d
    com.nick.mowen.linkpreview.listener.CardListener loadListener -> f
    java.lang.String url -> e
    java.util.HashMap linkMap -> c
    com.nick.mowen.linkpreview.listener.LinkClickListener clickListener -> g
    1:1:void <init>(android.content.Context):49:49 -> <init>
    2:23:void <init>(android.content.Context):29:50 -> <init>
    24:24:void <init>(android.content.Context,android.util.AttributeSet):53:53 -> <init>
    25:50:void <init>(android.content.Context,android.util.AttributeSet):29:54 -> <init>
    51:51:void <init>(android.content.Context,android.util.AttributeSet,int):57:57 -> <init>
    52:85:void <init>(android.content.Context,android.util.AttributeSet,int):29:62 -> <init>
    1:96:void bindViews(android.content.Context):101:196 -> a
    97:98:void bindViews(android.content.Context):113:114 -> a
    99:179:void createLinkData():118:198 -> a
    180:253:void createLinkData():127:200 -> a
    254:254:void createLinkData():138:138 -> a
    1:1:java.util.HashMap access$getLinkMap$p(com.nick.mowen.linkpreview.view.LinkCardView):25:25 -> access$getLinkMap$p
    1:1:kotlinx.coroutines.CoroutineScope access$getLinkScope$p(com.nick.mowen.linkpreview.view.LinkCardView):25:25 -> access$getLinkScope$p
    1:1:void access$setLinkMap$p(com.nick.mowen.linkpreview.view.LinkCardView,java.util.HashMap):25:25 -> access$setLinkMap$p
    1:1:int getArticleColor():45:45 -> getArticleColor
    1:1:com.nick.mowen.linkpreview.databinding.CardBinding getBinding():27:27 -> getBinding
    1:1:com.nick.mowen.linkpreview.listener.LinkClickListener getClickListener():43:43 -> getClickListener
    1:1:boolean getHideWhileLoading():47:47 -> getHideWhileLoading
    1:1:com.nick.mowen.linkpreview.listener.CardListener getLoadListener():41:41 -> getLoadListener
    1:1:java.lang.String getUrl():39:39 -> getUrl
    1:125:void onClick(android.view.View):71:195 -> onClick
    126:126:void onClick(android.view.View):89:89 -> onClick
    127:245:void onClick(android.view.View):76:194 -> onClick
    246:249:void onClick(android.view.View):83:86 -> onClick
    1:52:boolean parseTextForLink(java.lang.String):151:202 -> parseTextForLink
    1:1:void setArticleColor(int):45:45 -> setArticleColor
    1:1:void setBinding(com.nick.mowen.linkpreview.databinding.CardBinding):27:27 -> setBinding
    1:2:void setCardData(com.nick.mowen.linkpreview.CardData):190:191 -> setCardData
    1:1:void setClickListener(com.nick.mowen.linkpreview.listener.LinkClickListener):43:43 -> setClickListener
    1:1:void setHideWhileLoading(boolean):47:47 -> setHideWhileLoading
    1:5:void setLink(java.lang.String):182:186 -> setLink
    1:1:void setLoadListener(com.nick.mowen.linkpreview.listener.CardListener):41:41 -> setLoadListener
    1:1:void setUrl(java.lang.String):39:39 -> setUrl
com.nick.mowen.linkpreview.view.LinkCardView$bindViews$2 -> com.nick.mowen.linkpreview.view.LinkCardView$a:
    kotlinx.coroutines.CoroutineScope p$ -> a
    com.nick.mowen.linkpreview.view.LinkCardView this$0 -> b
    android.content.Context $context -> c
    1:1:java.lang.Object invokeSuspend(java.lang.Object):114:114 -> invokeSuspend
com.nick.mowen.linkpreview.view.LinkCardView$createLinkData$2 -> com.nick.mowen.linkpreview.view.LinkCardView$b:
    kotlinx.coroutines.CoroutineScope p$ -> a
    java.lang.Object L$0 -> b
    com.nick.mowen.linkpreview.view.LinkCardView this$0 -> d
    int label -> c
    1:6:java.lang.Object invokeSuspend(java.lang.Object):128:133 -> invokeSuspend
    7:12:java.lang.Object invokeSuspend(java.lang.Object):128:133 -> invokeSuspend
com.nick.mowen.linkpreview.view.LinkPreview -> com.nick.mowen.linkpreview.view.LinkPreview:
    kotlinx.coroutines.CoroutineScope linkScope -> b
    boolean hideWhileLoading -> i
    int articleColor -> h
    com.nick.mowen.linkpreview.listener.LinkListener loadListener -> f
    kotlinx.coroutines.CompletableJob linkJob -> a
    com.nick.mowen.linkpreview.ImageType imageType -> d
    java.lang.String url -> e
    java.util.HashMap linkMap -> c
    com.nick.mowen.linkpreview.listener.LinkClickListener clickListener -> g
    1:1:void <init>(android.content.Context):46:46 -> <init>
    2:21:void <init>(android.content.Context):28:47 -> <init>
    22:22:void <init>(android.content.Context,android.util.AttributeSet):50:50 -> <init>
    23:46:void <init>(android.content.Context,android.util.AttributeSet):28:51 -> <init>
    47:47:void <init>(android.content.Context,android.util.AttributeSet,int):54:54 -> <init>
    48:79:void <init>(android.content.Context,android.util.AttributeSet,int):28:59 -> <init>
    1:122:void bindViews(android.content.Context):99:220 -> a
    123:124:void bindViews(android.content.Context):111:112 -> a
    125:154:void setText():119:148 -> a
    1:1:java.util.HashMap access$getLinkMap$p(com.nick.mowen.linkpreview.view.LinkPreview):24:24 -> access$getLinkMap$p
    1:1:kotlinx.coroutines.CoroutineScope access$getLinkScope$p(com.nick.mowen.linkpreview.view.LinkPreview):24:24 -> access$getLinkScope$p
    1:1:void access$setLinkMap$p(com.nick.mowen.linkpreview.view.LinkPreview,java.util.HashMap):24:24 -> access$setLinkMap$p
    1:1:int getArticleColor():42:42 -> getArticleColor
    1:1:com.nick.mowen.linkpreview.databinding.PreviewBinding getBinding():26:26 -> getBinding
    1:1:com.nick.mowen.linkpreview.listener.LinkClickListener getClickListener():40:40 -> getClickListener
    1:1:boolean getHideWhileLoading():44:44 -> getHideWhileLoading
    1:1:com.nick.mowen.linkpreview.listener.LinkListener getLoadListener():38:38 -> getLoadListener
    1:1:java.lang.String getUrl():36:36 -> getUrl
    1:152:void onClick(android.view.View):68:219 -> onClick
    153:153:void onClick(android.view.View):86:86 -> onClick
    154:299:void onClick(android.view.View):73:218 -> onClick
    300:303:void onClick(android.view.View):80:83 -> onClick
    1:20:boolean parseTextForLink(java.lang.String):180:199 -> parseTextForLink
    1:1:void setArticleColor(int):42:42 -> setArticleColor
    1:1:void setBinding(com.nick.mowen.linkpreview.databinding.PreviewBinding):26:26 -> setBinding
    1:1:void setClickListener(com.nick.mowen.linkpreview.listener.LinkClickListener):40:40 -> setClickListener
    1:1:void setHideWhileLoading(boolean):44:44 -> setHideWhileLoading
    1:68:void setImageData(java.lang.String):160:227 -> setImageData
    69:130:void setImageData(java.lang.String):165:226 -> setImageData
    131:134:void setImageData(java.lang.String):166:169 -> setImageData
    1:5:void setLink(java.lang.String):211:215 -> setLink
    1:1:void setLoadListener(com.nick.mowen.linkpreview.listener.LinkListener):38:38 -> setLoadListener
    1:1:void setUrl(java.lang.String):36:36 -> setUrl
com.nick.mowen.linkpreview.view.LinkPreview$bindViews$2 -> com.nick.mowen.linkpreview.view.LinkPreview$a:
    kotlinx.coroutines.CoroutineScope p$ -> a
    android.content.Context $context -> c
    com.nick.mowen.linkpreview.view.LinkPreview this$0 -> b
    1:1:java.lang.Object invokeSuspend(java.lang.Object):112:112 -> invokeSuspend
com.nick.mowen.linkpreview.view.LinkPreview$setText$2 -> com.nick.mowen.linkpreview.view.LinkPreview$b:
    kotlinx.coroutines.CoroutineScope p$ -> a
    com.nick.mowen.linkpreview.view.LinkPreview this$0 -> d
    java.lang.Object L$0 -> b
    int label -> c
    1:6:java.lang.Object invokeSuspend(java.lang.Object):138:143 -> invokeSuspend
    7:12:java.lang.Object invokeSuspend(java.lang.Object):138:143 -> invokeSuspend
